// Jest Snapshot v1, https://goo.gl/fbAQLP

exports[`ImageListView imageListView renders correctly 1`] = `
<div>
  <ul
    class="imageList"
  >
    <li
      class="showImage"
    >
      <img
        alt="AltText"
        height="300"
        src="https://static.digitecgalaxus.ch/Files/1/3/7/6/2/9/7/8/MSSurface_Jupiter.jpg?fit=inside%7C300:300&output-format=progressive-jpeg"
        width="300"
      />
      <noscript>
        &lt;img src="https://static.digitecgalaxus.ch/Files/1/3/7/6/2/9/7/8/MSSurface_Jupiter.jpg?fit=inside%7C300:300&output-format=progressive-jpeg" alt="AltText" /&gt;
      </noscript>
    </li>
    <li
      class=""
    />
  </ul>
</div>
`;
